[cloudshell-user@ip-10-132-40-141 ~]$ ssh -i "M2_AWS_KEY.pem" ec2-user@ec2-34-229-81-107.compute-1.amazonaws.com
ssh: connect to host ec2-34-229-81-107.compute-1.amazonaws.com port 22: Connection refused
[cloudshell-user@ip-10-132-40-141 ~]$ ls
data  M2_AWS_KEY.pem  python-client  python-client-generated.zip  temp
[cloudshell-user@ip-10-132-40-141 ~]$ ssh -i "M2_AWS_KEY.pem" ec2-user@ec2-34-229-81-107.compute-1.amazonaws.com
The authenticity of host 'ec2-34-229-81-107.compute-1.amazonaws.com (34.229.81.107)' can't be established.
ECDSA key fingerprint is SHA256:
ECDSA key fingerprint is MD5:
Are you sure you want to continue connecting (yes/no)? yes
Warning: Permanently added 'ec2-34-229-81-107.compute-1.amazonaws.com,34.229.81.107' (ECDSA) to the list of known hosts.
   ,     #_
   ~\_  ####_        Amazon Linux 2023
  ~~  \_#####\
  ~~     \###|
  ~~       \#/ ___   https://aws.amazon.com/linux/amazon-linux-2023
   ~~       V~' '->
    ~~~         /
      ~~._.   _/
         _/ _/
       _/m/'
[ec2-user@ip-172-31-21-91 ~]$ sudo yum install -y yum-utils
Last metadata expiration check: 0:00:38 ago on Wed Nov 15 04:37:33 2023.
Dependencies resolved.
=================================================================================================================================================================================================================================================================
 Package                                                     Architecture                                             Version                                                                Repository                                                     Size
=================================================================================================================================================================================================================================================================
Installing:
 dnf-utils                                                   noarch                                                   4.1.0-1.amzn2023.0.3                                                   amazonlinux                                                    36 k

Transaction Summary
=================================================================================================================================================================================================================================================================
Install  1 Package

Total download size: 36 k
Installed size: 23 k
Downloading Packages:
dnf-utils-4.1.0-1.amzn2023.0.3.noarch.rpm                                                                                                                                                                                        617 kB/s |  36 kB     00:00    
-----------------------------------------------------------------------------------------------------------------------------------------------------------------------------------------------------------------------------------------------------------------
Total                                                                                                                                                                                                                            304 kB/s |  36 kB     00:00     
Running transaction check
Transaction check succeeded.
Running transaction test
Transaction test succeeded.
Running transaction
  Preparing        :                                                                                                                                                                                                                                         1/1 
  Installing       : dnf-utils-4.1.0-1.amzn2023.0.3.noarch                                                                                                                                                                                                   1/1 
  Running scriptlet: dnf-utils-4.1.0-1.amzn2023.0.3.noarch                                                                                                                                                                                                   1/1 
  Verifying        : dnf-utils-4.1.0-1.amzn2023.0.3.noarch                                                                                                                                                                                                   1/1 

Installed:
  dnf-utils-4.1.0-1.amzn2023.0.3.noarch                                                                                                                                                                                                                          

Complete!
[ec2-user@ip-172-31-21-91 ~]$ sudo yum-config-manager --add-repo https://rpm.releases.hashicorp.com/AmazonLinux/hashicorp.repo
Adding repo from: https://rpm.releases.hashicorp.com/AmazonLinux/hashicorp.repo
[ec2-user@ip-172-31-21-91 ~]$ sudo yum -y install terraform
Hashicorp Stable - x86_64                                                                                                                                                                                                         10 MB/s | 1.3 MB     00:00    
Last metadata expiration check: 0:00:01 ago on Wed Nov 15 04:39:01 2023.
Dependencies resolved.
=================================================================================================================================================================================================================================================================
 Package                                                         Architecture                                          Version                                                                  Repository                                                  Size
=================================================================================================================================================================================================================================================================
Installing:
 terraform                                                       x86_64                                                1.6.3-1                                                                  hashicorp                                                   24 M
Installing dependencies:
 git                                                             x86_64                                                2.40.1-1.amzn2023.0.1                                                    amazonlinux                                                 57 k
 git-core                                                        x86_64                                                2.40.1-1.amzn2023.0.1                                                    amazonlinux                                                4.3 M
 git-core-doc                                                    noarch                                                2.40.1-1.amzn2023.0.1                                                    amazonlinux                                                2.6 M
 perl-Error                                                      noarch                                                1:0.17029-5.amzn2023.0.2                                                 amazonlinux                                                 41 k
 perl-File-Find                                                  noarch                                                1.37-477.amzn2023.0.5                                                    amazonlinux                                                 26 k
 perl-Git                                                        noarch                                                2.40.1-1.amzn2023.0.1                                                    amazonlinux                                                 45 k
 perl-TermReadKey                                                x86_64                                                2.38-9.amzn2023.0.2                                                      amazonlinux                                                 36 k
 perl-lib                                                        x86_64                                                0.65-477.amzn2023.0.5                                                    amazonlinux                                                 15 k

Transaction Summary
=================================================================================================================================================================================================================================================================
Install  9 Packages

Total download size: 32 M
Installed size: 111 M
Downloading Packages:
(1/9): git-2.40.1-1.amzn2023.0.1.x86_64.rpm                                                                                                                                                                                      984 kB/s |  57 kB     00:00    
(2/9): perl-lib-0.65-477.amzn2023.0.5.x86_64.rpm                                                                                                                                                                                 242 kB/s |  15 kB     00:00    
(3/9): perl-TermReadKey-2.38-9.amzn2023.0.2.x86_64.rpm                                                                                                                                                                           2.4 MB/s |  36 kB     00:00    
(4/9): perl-File-Find-1.37-477.amzn2023.0.5.noarch.rpm                                                                                                                                                                           2.0 MB/s |  26 kB     00:00    
(5/9): perl-Error-0.17029-5.amzn2023.0.2.noarch.rpm                                                                                                                                                                              2.4 MB/s |  41 kB     00:00    
(6/9): perl-Git-2.40.1-1.amzn2023.0.1.noarch.rpm                                                                                                                                                                                 2.6 MB/s |  45 kB     00:00    
(7/9): git-core-2.40.1-1.amzn2023.0.1.x86_64.rpm                                                                                                                                                                                  27 MB/s | 4.3 MB     00:00    
(8/9): terraform-1.6.3-1.x86_64.rpm                                                                                                                                                                                               59 MB/s |  24 MB     00:00    
(9/9): git-core-doc-2.40.1-1.amzn2023.0.1.noarch.rpm                                                                                                                                                                             5.8 MB/s | 2.6 MB     00:00    
-----------------------------------------------------------------------------------------------------------------------------------------------------------------------------------------------------------------------------------------------------------------
Total                                                                                                                                                                                                                             52 MB/s |  32 MB     00:00     
Hashicorp Stable - x86_64                                                                                                                                                                                                         89 kB/s | 3.9 kB     00:00    
Importing GPG key 0xA621E701:
 Userid     : "HashiCorp Security (HashiCorp Package Signing) <security+packaging@hashicorp.com>"
 Fingerprint: 798A EC65 4E5C 1542 8C8E 42EE AA16 FCBC A621 E701
 From       : https://rpm.releases.hashicorp.com/gpg
Key imported successfully
Running transaction check
Transaction check succeeded.
Running transaction test
Transaction test succeeded.
Running transaction
Running transaction test
Transaction test succeeded.
Running transaction
  Preparing        :                                                                                                                                                                                                                                         1/1 
  Installing       : git-core-2.40.1-1.amzn2023.0.1.x86_64                                                                                                                                                                                                   1/9 
  Installing       : git-core-doc-2.40.1-1.amzn2023.0.1.noarch                                                                                                                                                                                               2/9 
  Installing       : perl-Error-1:0.17029-5.amzn2023.0.2.noarch                                                                                                                                                                                              3/9 
  Installing       : perl-File-Find-1.37-477.amzn2023.0.5.noarch                                                                                                                                                                                             4/9 
  Installing       : perl-TermReadKey-2.38-9.amzn2023.0.2.x86_64                                                                                                                                                                                             5/9 
  Installing       : perl-lib-0.65-477.amzn2023.0.5.x86_64                                                                                                                                                                                                   6/9 
  Installing       : perl-Git-2.40.1-1.amzn2023.0.1.noarch                                                                                                                                                                                                   7/9 
  Installing       : git-2.40.1-1.amzn2023.0.1.x86_64                                                                                                                                                                                                        8/9 
  Installing       : terraform-1.6.3-1.x86_64                                                                                                                                                                                                                9/9 
  Running scriptlet: terraform-1.6.3-1.x86_64                                                                                                                                                                                                                9/9 
  Verifying        : git-core-2.40.1-1.amzn2023.0.1.x86_64                                                                                                                                                                                                   1/9 
  Verifying        : git-2.40.1-1.amzn2023.0.1.x86_64                                                                                                                                                                                                        2/9 
  Verifying        : perl-lib-0.65-477.amzn2023.0.5.x86_64                                                                                                                                                                                                   3/9 
  Verifying        : perl-TermReadKey-2.38-9.amzn2023.0.2.x86_64                                                                                                                                                                                             4/9 
  Verifying        : perl-File-Find-1.37-477.amzn2023.0.5.noarch                                                                                                                                                                                             5/9 
  Verifying        : perl-Error-1:0.17029-5.amzn2023.0.2.noarch                                                                                                                                                                                              6/9 
  Verifying        : perl-Git-2.40.1-1.amzn2023.0.1.noarch                                                                                                                                                                                                   7/9 
  Verifying        : git-core-doc-2.40.1-1.amzn2023.0.1.noarch                                                                                                                                                                                               8/9 
  Verifying        : terraform-1.6.3-1.x86_64                                                                                                                                                                                                                9/9 

Installed:
  git-2.40.1-1.amzn2023.0.1.x86_64             git-core-2.40.1-1.amzn2023.0.1.x86_64  git-core-doc-2.40.1-1.amzn2023.0.1.noarch  perl-Error-1:0.17029-5.amzn2023.0.2.noarch  perl-File-Find-1.37-477.amzn2023.0.5.noarch  perl-Git-2.40.1-1.amzn2023.0.1.noarch 
  perl-TermReadKey-2.38-9.amzn2023.0.2.x86_64  perl-lib-0.65-477.amzn2023.0.5.x86_64  terraform-1.6.3-1.x86_64                  

Complete!
[ec2-user@ip-172-31-21-91 ~]$ terraform --version
Terraform v1.6.3
on linux_amd64
[ec2-user@ip-172-31-21-91 ~]$ aws s3 cp s3://nutrition-food10 . --recursive
fatal error: Unable to locate credentials
[ec2-user@ip-172-31-21-91 ~]$ aws s3 ls

Unable to locate credentials. You can configure credentials by running "aws configure".
[ec2-user@ip-172-31-21-91 ~]$ aws configure
AWS Access Key ID [None]:<Access Key>
AWS Secret Access Key [None]: <Secret Access Key>
Default region name [None]: us-east-1
Default output format [None]: 
[ec2-user@ip-172-31-21-91 ~]$ aws s3 ls
2023-11-07 23:45:27 aws-logs-025467948525-us-east-1
2023-11-08 00:02:36 aws-logs-025467948525-us-east-2
2023-10-25 18:20:24 codepipeline-us-east-1-48782403131
2023-10-20 13:50:53 custom-labels-console-us-east-2-49623ebf85
2023-10-25 17:15:52 elasticbeanstalk-us-east-1-025467948525
2023-11-03 16:24:12 nutrition-food10
2023-11-01 03:20:14 vs-test-ml
[ec2-user@ip-172-31-21-91 ~]$ aws s3 cp s3://nutrition-food10 . --recursive
download: s3://nutrition-food10/main.tf to ./main.tf            
download: s3://nutrition-food10/nutrition_10.json to ./nutrition_10.json
[ec2-user@ip-172-31-21-91 ~]$ ls
main.tf  nutrition_10.json
[ec2-user@ip-172-31-21-91 ~]$ terraform init

Initializing the backend...

Initializing provider plugins...
- Finding latest version of hashicorp/aws...
- Installing hashicorp/aws v5.25.0...
- Installed hashicorp/aws v5.25.0 (signed by HashiCorp)

Terraform has created a lock file .terraform.lock.hcl to record the provider
selections it made above. Include this file in your version control repository
so that Terraform can guarantee to make the same selections by default when
you run "terraform init" in the future.

Terraform has been successfully initialized!

You may now begin working with Terraform. Try running "terraform plan" to see
any changes that are required for your infrastructure. All Terraform commands
should now work.

If you ever set or change modules or backend configuration for Terraform,
rerun this command to reinitialize your working directory. If you forget, other
commands will detect it and remind you to do so if necessary.
[ec2-user@ip-172-31-21-91 ~]$ terraform plam
Terraform has no command named "plam". Did you mean "plan"?

To see all of Terraform's top-level commands, run:
  terraform -help

[ec2-user@ip-172-31-21-91 ~]$ terraform plan

Terraform used the selected providers to generate the following execution plan. Resource actions are indicated with the following symbols:
  + create

Terraform will perform the following actions:

  # aws_dynamodb_table.nutrition_table will be created
  + resource "aws_dynamodb_table" "nutrition_table" {
      + arn              = (known after apply)
      + billing_mode     = "PROVISIONED"
      + hash_key         = "Food"
      + id               = (known after apply)
      + name             = "nutrition"
      + read_capacity    = 10
      + stream_arn       = (known after apply)
      + stream_label     = (known after apply)
      + stream_view_type = (known after apply)
      + tags             = {
          + "Name" = "nutrition"
        }
      + tags_all         = {
          + "Name" = "nutrition"
        }
      + write_capacity   = 10

      + attribute {
          + name = "Food"
          + type = "S"
        }
    }

Plan: 1 to add, 0 to change, 0 to destroy.

────────────────────────────────────────────────────────────────────────────────────────────────────────────────────────────────────────────────────────────────────────────────────────────────────────────────────────────────────────────────────────────────

Note: You didn't use the -out option to save this plan, so Terraform can't guarantee to take exactly these actions if you run "terraform apply" now.
[ec2-user@ip-172-31-21-91 ~]$ terraform apply

Terraform used the selected providers to generate the following execution plan. Resource actions are indicated with the following symbols:
  + create

Terraform will perform the following actions:

  # aws_dynamodb_table.nutrition_table will be created
  + resource "aws_dynamodb_table" "nutrition_table" {
      + arn              = (known after apply)
      + billing_mode     = "PROVISIONED"
      + hash_key         = "Food"
      + id               = (known after apply)
      + name             = "nutrition"
      + read_capacity    = 10
      + stream_arn       = (known after apply)
      + stream_label     = (known after apply)
      + stream_view_type = (known after apply)
      + tags             = {
          + "Name" = "nutrition"
        }
      + tags_all         = {
          + "Name" = "nutrition"
        }
      + write_capacity   = 10

      + attribute {
          + name = "Food"
          + type = "S"
        }
    }

Plan: 1 to add, 0 to change, 0 to destroy.

Do you want to perform these actions?
  Terraform will perform the actions described above.
  Only 'yes' will be accepted to approve.

  Enter a value: yes

aws_dynamodb_table.nutrition_table: Creating...
aws_dynamodb_table.nutrition_table: Creation complete after 7s [id=nutrition]

Apply complete! Resources: 1 added, 0 changed, 0 destroyed.
[ec2-user@ip-172-31-21-91 ~]$ aws dynamodb batch-write-item --request-items

usage: aws [options] <command> <subcommand> [<subcommand> ...] [parameters]
To see help text, you can run:

  aws help
  aws <command> help
  aws <command> <subcommand> help

aws: error: argument --request-items: expected one argument

[ec2-user@ip-172-31-21-91 ~]$ 
[ec2-user@ip-172-31-21-91 ~]$ aws dynamodb batch-write-item --request-items file://nutrition_10.json
{
    "UnprocessedItems": {}
}
[ec2-user@ip-172-31-21-91 ~]$ terraform destroy
aws_dynamodb_table.nutrition_table: Refreshing state... [id=nutrition]

Terraform used the selected providers to generate the following execution plan. Resource actions are indicated with the following symbols:
  - destroy

Terraform will perform the following actions:

  # aws_dynamodb_table.nutrition_table will be destroyed
  - resource "aws_dynamodb_table" "nutrition_table" {
      - arn                         = "arn:aws:dynamodb:us-east-1:025467948525:table/nutrition" -> null
      - billing_mode                = "PROVISIONED" -> null
      - deletion_protection_enabled = false -> null
      - hash_key                    = "Food" -> null
      - id                          = "nutrition" -> null
      - name                        = "nutrition" -> null
      - read_capacity               = 10 -> null
      - stream_enabled              = false -> null
      - table_class                 = "STANDARD" -> null
      - tags                        = {
          - "Name" = "nutrition"
        } -> null
      - tags_all                    = {
          - "Name" = "nutrition"
        } -> null
      - write_capacity              = 10 -> null

      - attribute {
          - name = "Food" -> null
          - type = "S" -> null
        }

      - point_in_time_recovery {
          - enabled = false -> null
        }

      - ttl {
          - enabled = false -> null
        }
    }

Plan: 0 to add, 0 to change, 1 to destroy.

Do you really want to destroy all resources?
  Terraform will destroy all your managed infrastructure, as shown above.
  There is no undo. Only 'yes' will be accepted to confirm.

  Enter a value: yes

aws_dynamodb_table.nutrition_table: Destroying... [id=nutrition]
aws_dynamodb_table.nutrition_table: Destruction complete after 4s

Destroy complete! Resources: 1 destroyed.
[ec2-user@ip-172-31-21-91 ~]$ 